python : Creating test 
database for alias 
'default'...
At line:1 char:1
+ python manage.py test 
academics.tests 2>&1 | 
Out-File -Encoding UTF8  ...
+ ~~~~~~~~~~~~~~~~~~~~~~~~~~
~~~~~~~~~~~~~~~~
    + CategoryInfo          
    : NotSpecified: (Creat  
  ing test d...as 'defaul   
 t'...:String) [], Remot    
eException
    + FullyQualifiedErrorId 
    : NativeCommandError
 

..
----------------------------
----------------------------
--------------
Ran 2 tests in 4.765s

OK
Destroying test database 
for alias 'default'...

Found 2 test(s).
System check identified no issues (0 silenced).
